Info: Starting: Create block symbol file (.bsf)
Info: qsys-generate E:\DroneQuartus\unnamed.qsys --block-symbol-file --output-directory=E:\DroneQuartus\unnamed --family="Cyclone V" --part=5CSEMA4U23C6
Progress: Loading DroneQuartus/unnamed.qsys
Progress: Reading input file
Progress: Adding in_system_sources_probes_0 [altera_in_system_sources_probes 18.1]
Progress: Parameterizing module in_system_sources_probes_0
Progress: Building connections
Progress: Parameterizing connections
Progress: Validating
Progress: Done reading input file
Info: qsys-generate succeeded.
Info: Finished: Create block symbol file (.bsf)
Info: 
Info: Starting: Create HDL design files for synthesis
Info: qsys-generate E:\DroneQuartus\unnamed.qsys --synthesis=VHDL --output-directory=E:\DroneQuartus\unnamed\synthesis --family="Cyclone V" --part=5CSEMA4U23C6
Progress: Loading DroneQuartus/unnamed.qsys
Progress: Reading input file
Progress: Adding in_system_sources_probes_0 [altera_in_system_sources_probes 18.1]
Progress: Parameterizing module in_system_sources_probes_0
Progress: Building connections
Progress: Parameterizing connections
Progress: Validating
Progress: Done reading input file
Info: unnamed: Generating unnamed "unnamed" for QUARTUS_SYNTH
Info: in_system_sources_probes_0: "unnamed" instantiated altera_in_system_sources_probes "in_system_sources_probes_0"
Info: unnamed: Done "unnamed" with 2 modules, 2 files
Info: qsys-generate succeeded.
Info: Finished: Create HDL design files for synthesis
